
[1m[46m RUN [49m[22m [36mv4.0.18 [39m[90mC:/Users/grimm/Projects/Ideas_and_Pipelines/jansathi-ai/backend[39m

[90mstdout[2m | tests/auth.test.ts
[22m[39m{"timestamp":"2026-02-25T20:57:23.827Z","level":"info","event":"llm_provider.initialized","provider":"groq"}

[90mstdout[2m | tests/user.test.ts
[22m[39m{"timestamp":"2026-02-25T20:57:23.826Z","level":"info","event":"llm_provider.initialized","provider":"groq"}

[90mstdout[2m | tests/auth.test.ts[2m > [22m[2mPOST /api/auth/session[2m > [22m[2mshould create a new session and set cookie
[22m[39m{"timestamp":"2026-02-25T20:57:24.480Z","level":"info","event":"auth.session.created","sessionId":"cmm2imnwm000059dkauy00flr","ip":"::ffff:127.0.0.1"}

[90mstdout[2m | tests/auth.test.ts[2m > [22m[2mPOST /api/auth/session[2m > [22m[2mshould create a new session and set cookie
[22m[39m{"timestamp":"2026-02-25T20:57:24.481Z","level":"info","event":"auth.session.created_via_route","requestId":"req_1772053044092_u1wtm2","sessionId":"cmm2imnwm000059dkauy00flr"}

[90mstdout[2m | tests/user.test.ts[2m > [22m[2mGET /api/user/profile[2m > [22m[2mshould return profile for authenticated user
[22m[39mprisma:error 
Invalid `prisma.user.create()` invocation in
C:/Users/grimm/Projects/Ideas_and_Pipelines/jansathi-ai/backend/tests/helpers/setup.ts:48:24

  45     name?: string;
  46 }) {
  47     const unique = randomBytes(4).toString("hex");
ΓåÆ 48     return prisma.user.create(
The column `role` does not exist in the current database.

[90mstdout[2m | tests/user.test.ts[2m > [22m[2mPATCH /api/user/profile[2m > [22m[2mshould update whitelisted fields
[22m[39mprisma:error 
Invalid `prisma.user.create()` invocation in
C:/Users/grimm/Projects/Ideas_and_Pipelines/jansathi-ai/backend/tests/helpers/setup.ts:48:24

  45     name?: string;
  46 }) {
  47     const unique = randomBytes(4).toString("hex");
ΓåÆ 48     return prisma.user.create(
The column `role` does not exist in the current database.

[90mstdout[2m | tests/auth.test.ts[2m > [22m[2mPOST /api/auth/logout[2m > [22m[2mshould destroy session and clear cookie
[22m[39m{"timestamp":"2026-02-25T20:57:25.155Z","level":"info","event":"auth.session.destroyed","sessionId":"cmm2imo0c000259dkx8bvzsyu"}

[90mstdout[2m | tests/auth.test.ts[2m > [22m[2mPOST /api/auth/logout[2m > [22m[2mshould destroy session and clear cookie
[22m[39m{"timestamp":"2026-02-25T20:57:25.155Z","level":"info","event":"auth.logout","requestId":"req_1772053044647_0rj02j","sessionId":"cmm2imo0c000259dkx8bvzsyu"}

[90mstdout[2m | tests/auth.test.ts[2m > [22m[2mPOST /api/auth/logout[2m > [22m[2mshould return success even without session cookie
[22m[39m{"timestamp":"2026-02-25T20:57:25.160Z","level":"info","event":"auth.logout","requestId":"req_1772053045160_p58k6l","sessionId":"none"}

[90mstdout[2m | tests/user.test.ts[2m > [22m[2mPATCH /api/user/profile[2m > [22m[2mshould strip role from update payload (mass assignment protection)
[22m[39mprisma:error 
Invalid `prisma.user.create()` invocation in
C:/Users/grimm/Projects/Ideas_and_Pipelines/jansathi-ai/backend/tests/helpers/setup.ts:48:24

  45     name?: string;
  46 }) {
  47     const unique = randomBytes(4).toString("hex");
ΓåÆ 48     return prisma.user.create(
The column `role` does not exist in the current database.

[90mstdout[2m | tests/user.test.ts[2m > [22m[2mPATCH /api/user/profile[2m > [22m[2mshould strip id from update payload
[22m[39mprisma:error 
Invalid `prisma.user.create()` invocation in
C:/Users/grimm/Projects/Ideas_and_Pipelines/jansathi-ai/backend/tests/helpers/setup.ts:48:24

  45     name?: string;
  46 }) {
  47     const unique = randomBytes(4).toString("hex");
ΓåÆ 48     return prisma.user.create(
The column `role` does not exist in the current database.

[90mstdout[2m | tests/user.test.ts[2m > [22m[2mGET /api/user/preferences[2m > [22m[2mshould return preferences for authenticated user
[22m[39mprisma:error 
Invalid `prisma.user.create()` invocation in
C:/Users/grimm/Projects/Ideas_and_Pipelines/jansathi-ai/backend/tests/helpers/setup.ts:48:24

  45     name?: string;
  46 }) {
  47     const unique = randomBytes(4).toString("hex");
ΓåÆ 48     return prisma.user.create(
The column `role` does not exist in the current database.

[90mstdout[2m | tests/auth.test.ts[2m > [22m[2mPOST /api/auth/logout[2m > [22m[2mshould reject replayed cookie after logout
[22m[39m{"timestamp":"2026-02-25T20:57:25.579Z","level":"info","event":"auth.session.destroyed","sessionId":"cmm2imoiy000459dk1qjc3eia"}

[90mstdout[2m | tests/auth.test.ts[2m > [22m[2mPOST /api/auth/logout[2m > [22m[2mshould reject replayed cookie after logout
[22m[39m{"timestamp":"2026-02-25T20:57:25.579Z","level":"info","event":"auth.logout","requestId":"req_1772053045311_anfqek","sessionId":"cmm2imoiy000459dk1qjc3eia"}

[90mstdout[2m | tests/user.test.ts
[22m[39mprisma:error 
Invalid `prisma.otpVerification.deleteMany()` invocation in
C:/Users/grimm/Projects/Ideas_and_Pipelines/jansathi-ai/backend/tests/helpers/db.ts:15:34

  12 await prisma.message.deleteMany({});
  13 await prisma.conversation.deleteMany({});
  14 await prisma.analyticsEvent.deleteMany({});
ΓåÆ 15 await prisma.otpVerification.deleteMany(
The table `public.otp_verifications` does not exist in the current database.

 [31mΓ¥»[39m tests/user.test.ts [2m([22m[2m8 tests[22m[2m | [22m[31m5 failed[39m[2m)[22m[33m 1844[2mms[22m[39m
     [32mΓ£ô[39m should return 401 without session[32m 19[2mms[22m[39m
     [33m[2mΓ£ô[22m[39m should return 401 with session but no linked user [33m 784[2mms[22m[39m
[31m     [31m├ù[31m should return profile for authenticated user[39m[32m 109[2mms[22m[39m
[31m     [31m├ù[31m should update whitelisted fields[39m[32m 94[2mms[22m[39m
[31m     [31m├ù[31m should strip role from update payload (mass assignment protection)[39m[32m 95[2mms[22m[39m
[31m     [31m├ù[31m should strip id from update payload[39m[32m 105[2mms[22m[39m
     [32mΓ£ô[39m should return 401 without session[32m 12[2mms[22m[39m
[31m     [31m├ù[31m should return preferences for authenticated user[39m[32m 112[2mms[22m[39m
[90mstdout[2m | tests/auth.test.ts
[22m[39mprisma:error 
Invalid `prisma.otpVerification.deleteMany()` invocation in
C:/Users/grimm/Projects/Ideas_and_Pipelines/jansathi-ai/backend/tests/helpers/db.ts:15:34

  12 await prisma.message.deleteMany({});
  13 await prisma.conversation.deleteMany({});
  14 await prisma.analyticsEvent.deleteMany({});
ΓåÆ 15 await prisma.otpVerification.deleteMany(
The table `public.otp_verifications` does not exist in the current database.

 [31mΓ¥»[39m tests/auth.test.ts [2m([22m[2m6 tests[22m[2m | [22m[31m1 failed[39m[2m)[22m[33m 2146[2mms[22m[39m
[31m     [31m├ù[31m should create a new session and set cookie[39m[33m 413[2mms[22m[39m
     [33m[2mΓ£ô[22m[39m should destroy session and clear cookie [33m 666[2mms[22m[39m
     [32mΓ£ô[39m should return success even without session cookie[32m 3[2mms[22m[39m
     [33m[2mΓ£ô[22m[39m should reject replayed cookie after logout [33m 565[2mms[22m[39m
     [32mΓ£ô[39m should return health status[32m 3[2mms[22m[39m
     [32mΓ£ô[39m should return 404 for unknown routes[32m 2[2mms[22m[39m
node.exe : 
At line:1 char:1
+ & "C:\Program 
Files\nodejs/node.exe" 
"C:\Program 
Files\nodejs/node_mo 
...
+ ~~~~~~~~~~~~~~~~~~~~~
~~~~~~~~~~~~~~~~~~~~~~~
~~~~~~~~~~~~~~~~~~~~~~~
~~
    + CategoryInfo     
         : NotSpecifi  
  ed: (:String) [],    
 RemoteException
    + FullyQualifiedEr 
   rorId : NativeComm  
  andError
 
[31mΓÄ»ΓÄ»ΓÄ»ΓÄ»ΓÄ»ΓÄ»
[39m[1m[41m Failed 
Suites 2 [49m[22m[31
mΓÄ»ΓÄ»ΓÄ»ΓÄ»ΓÄ»ΓÄ»ΓÄ»
[39m

[41m[1m FAIL 
[22m[49m 
tests/auth.test.ts[2m 
[ tests/auth.test.ts 
][22m
[31m[1mPrismaClientKn
ownRequestError[22m: 
Invalid `prisma.otpVeri
fication.deleteMany()` 
invocation in
C:/Users/grimm/Projects
/Ideas_and_Pipelines/ja
nsathi-ai/backend/tests
/helpers/db.ts:15:34

  12 await prisma.messa
ge.deleteMany({});
  13 await prisma.conve
rsation.deleteMany({});
  14 await prisma.analy
ticsEvent.deleteMany({}
);
ΓåÆ 15 await prisma.otp
Verification.deleteMany
(
The table `public.otp_v
erifications` does not 
exist in the current 
database.[39m
[90m [2mΓ¥»[22m 
ei.handleRequestError n
ode_modules/@prisma/cli
ent/runtime/library.js:
[2m121:7268[22m[39m
[90m [2mΓ¥»[22m ei.h
andleAndLogRequestError
 node_modules/@prisma/c
lient/runtime/library.j
s:[2m121:6593[22m[39
m
[90m [2mΓ¥»[22m 
ei.request node_modules
/@prisma/client/runtime
/library.js:[2m121:630
0[22m[39m
[90m [2mΓ¥»[22m a no
de_modules/@prisma/clie
nt/runtime/library.js:
[2m130:9551[22m[39m
[36m [2mΓ¥»[22m 
cleanupTestData tests/h
elpers/db.ts:[2m15:5[
22m[39m
    [90m 13| [39m    
[35mawait[39m prisma
[33m.[39mconversation
[33m.[39m[34mdeleteMa
ny[39m({})[33m;[39m
    [90m 14| [39m    
[35mawait[39m prisma
[33m.[39manalyticsEven
t[33m.[39m[34mdelete
Many[39m({})[33m;[39
m
    [90m 15| [39m    
[35mawait[39m prisma
[33m.[39motpVerificati
on[33m.[39m[34mdelet
eMany[39m({})[33m;[3
9m
    [90m   | [39m    
[31m^[39m
    [90m 16| [39m    
[35mawait[39m prisma
[33m.[39msession[33m.
[39m[34mdeleteMany[3
9m({})[33m;[39m
    [90m 17| [39m    
[35mawait[39m prisma
[33m.[39muser[33m.[3
9m[34mdeleteMany[39m(
{})[33m;[39m
[90m [2mΓ¥»[22m test
s/auth.test.ts:[2m8:5
[22m[39m

[31m[2mΓÄ»ΓÄ»ΓÄ»ΓÄ»ΓÄ
»ΓÄ»ΓÄ»ΓÄ»ΓÄ»ΓÄ»ΓÄ»ΓÄ»Γ
Ä»ΓÄ»ΓÄ»ΓÄ»ΓÄ»ΓÄ»ΓÄ»ΓÄ»
ΓÄ»ΓÄ»ΓÄ»ΓÄ»[1/8]ΓÄ»[2
2m[39m

[41m[1m FAIL 
[22m[49m 
tests/user.test.ts[2m 
[ tests/user.test.ts 
][22m
[31m[1mPrismaClientKn
ownRequestError[22m: 
Invalid `prisma.otpVeri
fication.deleteMany()` 
invocation in
C:/Users/grimm/Projects
/Ideas_and_Pipelines/ja
nsathi-ai/backend/tests
/helpers/db.ts:15:34

  12 await prisma.messa
ge.deleteMany({});
  13 await prisma.conve
rsation.deleteMany({});
  14 await prisma.analy
ticsEvent.deleteMany({}
);
ΓåÆ 15 await prisma.otp
Verification.deleteMany
(
The table `public.otp_v
erifications` does not 
exist in the current 
database.[39m
[90m [2mΓ¥»[22m 
ei.handleRequestError n
ode_modules/@prisma/cli
ent/runtime/library.js:
[2m121:7268[22m[39m
[90m [2mΓ¥»[22m ei.h
andleAndLogRequestError
 node_modules/@prisma/c
lient/runtime/library.j
s:[2m121:6593[22m[39
m
[90m [2mΓ¥»[22m 
ei.request node_modules
/@prisma/client/runtime
/library.js:[2m121:630
0[22m[39m
[90m [2mΓ¥»[22m a no
de_modules/@prisma/clie
nt/runtime/library.js:
[2m130:9551[22m[39m
[36m [2mΓ¥»[22m 
cleanupTestData tests/h
elpers/db.ts:[2m15:5[
22m[39m
    [90m 13| [39m    
[35mawait[39m prisma
[33m.[39mconversation
[33m.[39m[34mdeleteMa
ny[39m({})[33m;[39m
    [90m 14| [39m    
[35mawait[39m prisma
[33m.[39manalyticsEven
t[33m.[39m[34mdelete
Many[39m({})[33m;[39
m
    [90m 15| [39m    
[35mawait[39m prisma
[33m.[39motpVerificati
on[33m.[39m[34mdelet
eMany[39m({})[33m;[3
9m
    [90m   | [39m    
[31m^[39m
    [90m 16| [39m    
[35mawait[39m prisma
[33m.[39msession[33m.
[39m[34mdeleteMany[3
9m({})[33m;[39m
    [90m 17| [39m    
[35mawait[39m prisma
[33m.[39muser[33m.[3
9m[34mdeleteMany[39m(
{})[33m;[39m
[90m [2mΓ¥»[22m test
s/user.test.ts:[2m8:5
[22m[39m

[31m[2mΓÄ»ΓÄ»ΓÄ»ΓÄ»ΓÄ
»ΓÄ»ΓÄ»ΓÄ»ΓÄ»ΓÄ»ΓÄ»ΓÄ»Γ
Ä»ΓÄ»ΓÄ»ΓÄ»ΓÄ»ΓÄ»ΓÄ»ΓÄ»
ΓÄ»ΓÄ»ΓÄ»ΓÄ»[2/8]ΓÄ»[2
2m[39m


[31mΓÄ»ΓÄ»ΓÄ»ΓÄ»ΓÄ»ΓÄ»
ΓÄ»[39m[1m[41m 
Failed Tests 6 [49m[2
2m[31mΓÄ»ΓÄ»ΓÄ»ΓÄ»ΓÄ»Γ
Ä»ΓÄ»[39m

[41m[1m FAIL 
[22m[49m 
tests/auth.test.ts[2m 
> [22mPOST 
/api/auth/session[2m 
> [22mshould create a 
new session and set 
cookie
[31m[1mAssertionError
[22m: expected 201 to 
be 200 // Object.is 
equality[39m

[32m- Expected[39m
[31m+ Received[39m

[32m- 200[39m
[31m+ 201[39m

[36m [2mΓ¥»[22m test
s/auth.test.ts:[2m16:2
8[22m[39m
    [90m 14| [39m    
    [35mconst[39m 
res [33m=[39m 
[35mawait[39m request
[33m.[39m[34mpost[3
9m([32m"/api/auth/sess
ion"[39m)[33m;[39m
    [90m 15| [39m
    [90m 16| [39m    
    [34mexpect[39m(re
s[33m.[39mstatus)[33
m.[39m[34mtoBe[39m(
[34m200[39m)[33m;[39
m
    [90m   | [39m    
                       
[31m^[39m
    [90m 17| [39m    
    [34mexpect[39m(re
s[33m.[39mbody[33m.
[39msuccess)[33m.[39m
[34mtoBe[39m([35mtru
e[39m)[33m;[39m
    [90m 18| [39m    
    [34mexpect[39m(re
s[33m.[39mbody[33m.
[39msession)[33m.[39m
[34mtoBeDefined[39m()
[33m;[39m

[31m[2mΓÄ»ΓÄ»ΓÄ»ΓÄ»ΓÄ
»ΓÄ»ΓÄ»ΓÄ»ΓÄ»ΓÄ»ΓÄ»ΓÄ»Γ
Ä»ΓÄ»ΓÄ»ΓÄ»ΓÄ»ΓÄ»ΓÄ»ΓÄ»
ΓÄ»ΓÄ»ΓÄ»ΓÄ»[3/8]ΓÄ»[2
2m[39m

[41m[1m FAIL 
[22m[49m 
tests/user.test.ts[2m 
> [22mGET 
/api/user/profile[2m 
> [22mshould return 
profile for 
authenticated user
[31m[1mPrismaClientKn
ownRequestError[22m: 
Invalid 
`prisma.user.create()` 
invocation in
C:/Users/grimm/Projects
/Ideas_and_Pipelines/ja
nsathi-ai/backend/tests
/helpers/setup.ts:48:24

  45     name?: string;
  46 }) {
  47     const unique 
= randomBytes(4).toStri
ng("hex");
ΓåÆ 48     return 
prisma.user.create(
The column `role` does 
not exist in the 
current database.[39m
[90m [2mΓ¥»[22m 
ei.handleRequestError n
ode_modules/@prisma/cli
ent/runtime/library.js:
[2m121:7268[22m[39m
[90m [2mΓ¥»[22m ei.h
andleAndLogRequestError
 node_modules/@prisma/c
lient/runtime/library.j
s:[2m121:6593[22m[39
m
[90m [2mΓ¥»[22m 
ei.request node_modules
/@prisma/client/runtime
/library.js:[2m121:630
0[22m[39m
[90m [2mΓ¥»[22m a no
de_modules/@prisma/clie
nt/runtime/library.js:
[2m130:9551[22m[39m
[36m [2mΓ¥»[22m crea
teAuthenticatedUser tes
ts/helpers/setup.ts:[2
m66:18[22m[39m
    [90m 64| [39m    
name[33m?[39m[33m:[
39m string[33m;[39m
    [90m 65| [39m}) {
    [90m 66| [39m    
[35mconst[39m user 
[33m=[39m 
[35mawait[39m [34mcr
eateTestUser[39m(overr
ides)[33m;[39m
    [90m   | [39m    
             
[31m^[39m
    [90m 67| [39m    
[35mconst[39m 
session [33m=[39m 
[35mawait[39m [34mcr
eateTestSession[39m({
    [90m 68| [39m    
    userId[33m:[39m u
ser[33m.[39mid[33m,
[39m
[90m [2mΓ¥»[22m test
s/user.test.ts:[2m30:3
5[22m[39m

[31m[2mΓÄ»ΓÄ»ΓÄ»ΓÄ»ΓÄ
»ΓÄ»ΓÄ»ΓÄ»ΓÄ»ΓÄ»ΓÄ»ΓÄ»Γ
Ä»ΓÄ»ΓÄ»ΓÄ»ΓÄ»ΓÄ»ΓÄ»ΓÄ»
ΓÄ»ΓÄ»ΓÄ»ΓÄ»[4/8]ΓÄ»[2
2m[39m

[41m[1m FAIL 
[22m[49m 
tests/user.test.ts[2m 
> [22mPATCH 
/api/user/profile[2m 
> [22mshould update 
whitelisted fields
[31m[1mPrismaClientKn
ownRequestError[22m: 
Invalid 
`prisma.user.create()` 
invocation in
C:/Users/grimm/Projects
/Ideas_and_Pipelines/ja
nsathi-ai/backend/tests
/helpers/setup.ts:48:24

  45     name?: string;
  46 }) {
  47     const unique 
= randomBytes(4).toStri
ng("hex");
ΓåÆ 48     return 
prisma.user.create(
The column `role` does 
not exist in the 
current database.[39m
[90m [2mΓ¥»[22m 
ei.handleRequestError n
ode_modules/@prisma/cli
ent/runtime/library.js:
[2m121:7268[22m[39m
[90m [2mΓ¥»[22m ei.h
andleAndLogRequestError
 node_modules/@prisma/c
lient/runtime/library.j
s:[2m121:6593[22m[39
m
[90m [2mΓ¥»[22m 
ei.request node_modules
/@prisma/client/runtime
/library.js:[2m121:630
0[22m[39m
[90m [2mΓ¥»[22m a no
de_modules/@prisma/clie
nt/runtime/library.js:
[2m130:9551[22m[39m
[36m [2mΓ¥»[22m crea
teAuthenticatedUser tes
ts/helpers/setup.ts:[2
m66:18[22m[39m
    [90m 64| [39m    
name[33m?[39m[33m:[
39m string[33m;[39m
    [90m 65| [39m}) {
    [90m 66| [39m    
[35mconst[39m user 
[33m=[39m 
[35mawait[39m [34mcr
eateTestUser[39m(overr
ides)[33m;[39m
    [90m   | [39m    
             
[31m^[39m
    [90m 67| [39m    
[35mconst[39m 
session [33m=[39m 
[35mawait[39m [34mcr
eateTestSession[39m({
    [90m 68| [39m    
    userId[33m:[39m u
ser[33m.[39mid[33m,
[39m
[90m [2mΓ¥»[22m test
s/user.test.ts:[2m45:2
9[22m[39m

[31m[2mΓÄ»ΓÄ»ΓÄ»ΓÄ»ΓÄ
»ΓÄ»ΓÄ»ΓÄ»ΓÄ»ΓÄ»ΓÄ»ΓÄ»Γ
Ä»ΓÄ»ΓÄ»ΓÄ»ΓÄ»ΓÄ»ΓÄ»ΓÄ»
ΓÄ»ΓÄ»ΓÄ»ΓÄ»[5/8]ΓÄ»[2
2m[39m

[41m[1m FAIL 
[22m[49m 
tests/user.test.ts[2m 
> [22mPATCH 
/api/user/profile[2m 
> [22mshould strip 
role from update 
payload (mass 
assignment protection)
[31m[1mPrismaClientKn
ownRequestError[22m: 
Invalid 
`prisma.user.create()` 
invocation in
C:/Users/grimm/Projects
/Ideas_and_Pipelines/ja
nsathi-ai/backend/tests
/helpers/setup.ts:48:24

  45     name?: string;
  46 }) {
  47     const unique 
= randomBytes(4).toStri
ng("hex");
ΓåÆ 48     return 
prisma.user.create(
The column `role` does 
not exist in the 
current database.[39m
[90m [2mΓ¥»[22m 
ei.handleRequestError n
ode_modules/@prisma/cli
ent/runtime/library.js:
[2m121:7268[22m[39m
[90m [2mΓ¥»[22m ei.h
andleAndLogRequestError
 node_modules/@prisma/c
lient/runtime/library.j
s:[2m121:6593[22m[39
m
[90m [2mΓ¥»[22m 
ei.request node_modules
/@prisma/client/runtime
/library.js:[2m121:630
0[22m[39m
[90m [2mΓ¥»[22m a no
de_modules/@prisma/clie
nt/runtime/library.js:
[2m130:9551[22m[39m
[36m [2mΓ¥»[22m crea
teAuthenticatedUser tes
ts/helpers/setup.ts:[2
m66:18[22m[39m
    [90m 64| [39m    
name[33m?[39m[33m:[
39m string[33m;[39m
    [90m 65| [39m}) {
    [90m 66| [39m    
[35mconst[39m user 
[33m=[39m 
[35mawait[39m [34mcr
eateTestUser[39m(overr
ides)[33m;[39m
    [90m   | [39m    
             
[31m^[39m
    [90m 67| [39m    
[35mconst[39m 
session [33m=[39m 
[35mawait[39m [34mcr
eateTestSession[39m({
    [90m 68| [39m    
    userId[33m:[39m u
ser[33m.[39mid[33m,
[39m
[90m [2mΓ¥»[22m test
s/user.test.ts:[2m59:3
5[22m[39m

[31m[2mΓÄ»ΓÄ»ΓÄ»ΓÄ»ΓÄ
»ΓÄ»ΓÄ»ΓÄ»ΓÄ»ΓÄ»ΓÄ»ΓÄ»Γ
Ä»ΓÄ»ΓÄ»ΓÄ»ΓÄ»ΓÄ»ΓÄ»ΓÄ»
ΓÄ»ΓÄ»ΓÄ»ΓÄ»[6/8]ΓÄ»[2
2m[39m

[41m[1m FAIL 
[22m[49m 
tests/user.test.ts[2m 
> [22mPATCH 
/api/user/profile[2m 
> [22mshould strip id 
from update payload

[2m Test Files [22m [1m[31m2 failed[39m[22m[90m (2)[39m
[2m      Tests [22m [1m[31m6 failed[39m[22m[2m | [22m[1m[32m8 passed[39m[22m[90m (14)[39m
[2m   Start at [22m 02:27:23
[2m   Duration [22m 3.01s[2m (transform 695ms, setup 0ms, import 1.34s, tests 3.99s, environment 0ms)[22m

[31m[1mPrismaClientKn
ownRequestError[22m: 
Invalid 
`prisma.user.create()` 
invocation in
C:/Users/grimm/Projects
/Ideas_and_Pipelines/ja
nsathi-ai/backend/tests
/helpers/setup.ts:48:24

  45     name?: string;
  46 }) {
  47     const unique 
= randomBytes(4).toStri
ng("hex");
ΓåÆ 48     return 
prisma.user.create(
The column `role` does 
not exist in the 
current database.[39m
[90m [2mΓ¥»[22m 
ei.handleRequestError n
ode_modules/@prisma/cli
ent/runtime/library.js:
[2m121:7268[22m[39m
[90m [2mΓ¥»[22m ei.h
andleAndLogRequestError
 node_modules/@prisma/c
lient/runtime/library.j
s:[2m121:6593[22m[39
m
[90m [2mΓ¥»[22m 
ei.request node_modules
/@prisma/client/runtime
/library.js:[2m121:630
0[22m[39m
[90m [2mΓ¥»[22m a no
de_modules/@prisma/clie
nt/runtime/library.js:
[2m130:9551[22m[39m
[36m [2mΓ¥»[22m crea
teAuthenticatedUser tes
ts/helpers/setup.ts:[2
m66:18[22m[39m
    [90m 64| [39m    
name[33m?[39m[33m:[
39m string[33m;[39m
    [90m 65| [39m}) {
    [90m 66| [39m    
[35mconst[39m user 
[33m=[39m 
[35mawait[39m [34mcr
eateTestUser[39m(overr
ides)[33m;[39m
    [90m   | [39m    
             
[31m^[39m
    [90m 67| [39m    
[35mconst[39m 
session [33m=[39m 
[35mawait[39m [34mcr
eateTestSession[39m({
    [90m 68| [39m    
    userId[33m:[39m u
ser[33m.[39mid[33m,
[39m
[90m [2mΓ¥»[22m test
s/user.test.ts:[2m73:3
5[22m[39m

[31m[2mΓÄ»ΓÄ»ΓÄ»ΓÄ»ΓÄ
»ΓÄ»ΓÄ»ΓÄ»ΓÄ»ΓÄ»ΓÄ»ΓÄ»Γ
Ä»ΓÄ»ΓÄ»ΓÄ»ΓÄ»ΓÄ»ΓÄ»ΓÄ»
ΓÄ»ΓÄ»ΓÄ»ΓÄ»[7/8]ΓÄ»[2
2m[39m

[41m[1m FAIL 
[22m[49m 
tests/user.test.ts[2m 
> [22mGET /api/user/pr
eferences[2m > 
[22mshould return 
preferences for 
authenticated user
[31m[1mPrismaClientKn
ownRequestError[22m: 
Invalid 
`prisma.user.create()` 
invocation in
C:/Users/grimm/Projects
/Ideas_and_Pipelines/ja
nsathi-ai/backend/tests
/helpers/setup.ts:48:24

  45     name?: string;
  46 }) {
  47     const unique 
= randomBytes(4).toStri
ng("hex");
ΓåÆ 48     return 
prisma.user.create(
The column `role` does 
not exist in the 
current database.[39m
[90m [2mΓ¥»[22m 
ei.handleRequestError n
ode_modules/@prisma/cli
ent/runtime/library.js:
[2m121:7268[22m[39m
[90m [2mΓ¥»[22m ei.h
andleAndLogRequestError
 node_modules/@prisma/c
lient/runtime/library.j
s:[2m121:6593[22m[39
m
[90m [2mΓ¥»[22m 
ei.request node_modules
/@prisma/client/runtime
/library.js:[2m121:630
0[22m[39m
[90m [2mΓ¥»[22m a no
de_modules/@prisma/clie
nt/runtime/library.js:
[2m130:9551[22m[39m
[36m [2mΓ¥»[22m crea
teAuthenticatedUser tes
ts/helpers/setup.ts:[2
m66:18[22m[39m
    [90m 64| [39m    
name[33m?[39m[33m:[
39m string[33m;[39m
    [90m 65| [39m}) {
    [90m 66| [39m    
[35mconst[39m user 
[33m=[39m 
[35mawait[39m [34mcr
eateTestUser[39m(overr
ides)[33m;[39m
    [90m   | [39m    
             
[31m^[39m
    [90m 67| [39m    
[35mconst[39m 
session [33m=[39m 
[35mawait[39m [34mcr
eateTestSession[39m({
    [90m 68| [39m    
    userId[33m:[39m u
ser[33m.[39mid[33m,
[39m
[90m [2mΓ¥»[22m test
s/user.test.ts:[2m95:2
9[22m[39m

[31m[2mΓÄ»ΓÄ»ΓÄ»ΓÄ»ΓÄ
»ΓÄ»ΓÄ»ΓÄ»ΓÄ»ΓÄ»ΓÄ»ΓÄ»Γ
Ä»ΓÄ»ΓÄ»ΓÄ»ΓÄ»ΓÄ»ΓÄ»ΓÄ»
ΓÄ»ΓÄ»ΓÄ»ΓÄ»[8/8]ΓÄ»[2
2m[39m

